


*** RESULTS OF CROP GROWTH MODEL NWHEAT *** SUMMARY OF OUTPUT FOR WINTER WHEAT AND YIELD STATISTICS ***

Name of run: RBsP1, Station= BAS  , Soil=   1, Crop=   1, Organic M.=   1, Nsoil=   1, IRR=   1, Runof=  .00
 Roth., base line (Elaine), potential prod., CO2 353 ppm                         


YEAR     SOW EMERG  ANTH  HALT   WRT   WLV    WST   WGR    TAGB     HI  LAIM PARAB  RUE   DWAV RAIN  ESOIL   TRANS DRAIN RUNOF IRR  WUE MINOM MINFM DNTOT NRAIN NGIFT NUPT  NLEACH NIMMO  NUE  DNFM  NBIOM
1902     283   292   171   219  1153.  2161.  7745.  9179. 19084.   .48  5.13  732.  2.61   72.  486.  164.    293. 192.   0.  90.  4.18 111.5   6.5-100.8   9.7 260.0 271.1  13.1    .0  70.4  39.0  32.5
1903     283   296   165   207  1055.  1979.  7879.  9773. 19630.   .50  4.63  716.  2.74   84.  713.  178.    308. 441.   0. 130.  4.04 113.8   6.5 -97.5  14.3 260.0 247.6  47.1    .0  79.3  39.1  32.6
1904     283   301   170   209   909.  1784.  7209.  8936. 17929.   .50  4.22  667.  2.69   78.  534.  180.    272. 288.   0. 127.  3.97 103.3   6.5-118.3  10.7 260.0 234.9  25.3    .0  76.3  38.7  32.3
1905     283   295   163   218  1406.  2658.  7497. 11596. 21750.   .53  6.11  795.  2.74   70.  643.  150.    334. 329.   0. 100.  4.50 118.4   6.5 -59.3  12.9 260.0 301.9  33.1    .0  72.0  39.2  32.7
1906     283   301   167   226   914.  1740.  7019.  9343. 18102.   .52  4.13  645.  2.81   46.  647.  181.    244. 318.   0.  50.  4.26 114.0   6.5-110.5  12.9 260.0 250.6  31.1    .0  72.2  39.1  32.6
1907     283   295   168   227  1432.  2740.  7295. 11754. 21789.   .54  6.35  798.  2.73   67.  540.  147.    368. 292.   0. 200.  4.23 119.4   6.5 -53.8  10.8 260.0 312.7  27.1    .0  69.7  39.3  32.7
1908     283   297   172   225  1489.  2868.  8998. 10896. 22762.   .48  6.69  889.  2.56   25.  650.  141.    334. 280.   0.  80.  4.79 113.0   6.5 -32.5  13.0 260.0 331.8  24.7    .0  68.6  39.1  32.6
1909     283   299   171   221   892.  1753.  6659. 10034. 18447.   .54  4.20  633.  2.92   86.  547.  191.    227. 215.   0.   0.  4.41 107.3   6.5-136.6  10.9 260.0 230.5  16.0    .0  80.0  38.9  32.4
1910     283   295   172   218   927.  1758.  6988.  8954. 17700.   .51  4.16  705.  2.51   79.  576.  186.    259. 289.   0.  80.  3.98 110.5   6.5-116.1  11.5 260.0 243.5  26.5    .0  72.7  39.0  32.5
1911     283   294   167   228  1169.  2242.  7662. 12495. 22398.   .56  5.32  842.  2.66   66.  526.  163.    337. 242.   0. 150.  4.48 119.4   6.5 -88.4  10.5 260.0 286.4  19.5    .0  78.2  39.3  32.7
1912     283   300   164   221  1128.  2172.  7860. 10433. 20466.   .51  5.12  729.  2.81   45.  631.  172.    306. 267.   0.  69.  4.28 113.1   6.5 -78.9  12.6 260.0 288.4  22.8    .0  71.0  39.1  32.6
1913     283   299   177   242  1003.  1934.  7409. 11377. 20721.   .55  4.62  827.  2.51   79.  699.  231.    295. 361.   0. 108.  3.95 112.1   6.5 -75.6  14.0 260.0 279.3  36.3    .0  74.2  39.0  32.5
1914     283   303   165   215   875.  1673.  6981.  9693. 18347.   .53  3.96  634.  2.89   61.  561.  185.    245. 250.   0.  58.  4.26 110.3   6.5-122.8  11.2 260.0 242.6  21.2    .0  75.6  39.0  32.5
1915     283   297   162   218   790.  1487.  5777.  9272. 16536.   .56  3.54  667.  2.48   61.  689.  207.    280. 333.   0.  70.  3.40 117.9   6.5-157.1  13.8 260.0 206.5  33.7    .0  80.1  39.2  32.7
1916     283   292   156   231   982.  1881.  8178. 12252. 22312.   .55  4.50  806.  2.77   64.  531.  182.    338. 215.   0. 140.  4.29 123.4   6.6-117.4  10.6 260.0 265.5  16.1    .0  84.1  39.3  32.8
1917     283   302   170   228  1127.  2184.  6924. 11592. 20700.   .56  5.17  770.  2.69   93.  523.  178.    313. 244.   0. 119.  4.22 114.1   6.5-101.8  10.4 260.0 267.6  19.6    .0  77.4  39.1  32.6
1918     283   294   160   228   831.  1600.  7527. 11362. 20488.   .55  3.87  752.  2.72   88.  551.  218.    298. 242.   0. 120.  3.97 121.1   6.5-136.4  11.0 260.0 242.0  19.5    .0  84.7  39.3  32.7
1919     283   294   162   209  1302.  2465.  8247. 11090. 21802.   .51  5.78  802.  2.72   74.  519.  151.    344. 269.   0. 170.  4.41 115.9   6.5 -58.1  10.4 260.0 307.7  23.7    .0  70.8  39.2  32.6
1920     283   297   170   224  1143.  2165.  7910. 10825. 20899.   .52  5.13  818.  2.56   76.  676.  160.    325. 355.   0.  88.  4.31 115.3   6.5 -56.0  13.5 260.0 299.8  36.8    .0  69.7  39.1  32.6
1921     283   299   167   215  1327.  2567.  8781. 10879. 22227.   .49  6.02  882.  2.52   68.  417.  142.    365. 206.   0. 228.  4.39 110.6   6.5 -44.4   8.3 260.0 322.6  15.1    .0  68.9  39.0  32.5
1922     283   293   165   209  1325.  2428.  7928. 10397. 20753.   .50  5.69  789.  2.63   74.  478.  137.    383. 262.   0. 230.  4.00 119.4   6.5 -72.4   9.6 260.0 296.7  22.7    .0  70.0  39.3  32.7
1923     283   294   161   211  1253.  2336.  7440. 11241. 21018.   .53  5.43  729.  2.88   77.  476.  174.    368. 198.   0. 187.  3.88 116.3   6.5 -87.5   9.5 260.0 287.3  14.5    .0  73.2  39.2  32.6
1924     283   298   167   218   949.  1851.  7166.  9868. 18886.   .52  4.42  677.  2.79   68.  598.  190.    280. 306.   0. 110.  4.02 108.4   6.5-102.3  12.0 260.0 253.9  29.1    .0  74.4  38.9  32.4
1925     283   297   166   227  1004.  1945.  8046. 12755. 22746.   .56  4.68  803.  2.83   38.  592.  184.    335. 240.   0. 130.  4.38 116.1   6.5 -96.7  11.8 260.0 277.2  19.1    .0  82.0  39.2  32.6
1926     283   295   159   213   996.  1948.  8624. 10669. 21241.   .50  4.64  737.  2.88   86.  654.  180.    339. 370.   0. 150.  4.09 116.8   6.5-105.6  13.1 260.0 249.7  39.1    .0  85.1  39.2  32.7
1927     283   295   166   219  1240.  2345.  7848. 10385. 20578.   .50  5.47  714.  2.88   41.  658.  151.    300. 264.   0.  16.  4.57 117.2   6.5 -78.9  13.2 260.0 294.5  21.0    .0  69.9  39.2  32.7
1928     283   297   157   219  1074.  2053.  6758. 11689. 20500.   .57  4.88  712.  2.88   90.  632.  162.    353. 285.   0.  80.  3.97 122.7   6.6-116.4  12.6 260.0 257.2  26.2    .0  79.7  39.3  32.8
1929     283   295   167   212  1325.  2537.  8739. 10572. 21848.   .48  5.86  808.  2.70   78.  546.  167.    324. 269.   0. 137.  4.45 113.8   6.5 -55.3  10.9 260.0 308.5  23.9    .0  70.8  39.1  32.6
1930     283   298   165   220   909.  1717.  6170.  9290. 17176.   .54  4.06  675.  2.55   24.  709.  186.    302. 295.   0.  50.  3.52 116.0   6.5-134.5  14.2 260.0 233.1  27.9    .0  73.7  39.2  32.6
1931     283   297   164   213  1047.  2008.  7288.  9719. 19015.   .51  4.73  661.  2.87   58.  593.  159.    327. 224.   0.  58.  3.91 109.5   6.5-108.7  11.9 260.0 259.7  17.1    .0  73.2  39.0  32.5

 MEANS over  30 years  :
        283.  297.  166.  220.  1099.  2099.  7552. 10611. 20262.   .52  4.95  747.  2.72   67.  586.  173.    313. 278.   0. 111.  4.17 114.7   6.5 -94.0  11.7 260.0 271.7  25.0    .0  74.9  39.1  32.6
 STANDARD DEVIATIONS  :
          0.    3.    5.    8.   189.   354.   733.  1054.  1728.   .03   .79   71.   .13   18.   76.   22.     39.  56.   0.  56.   .29   4.5    .0  30.4   1.5    .0  30.4   8.0    .0   4.9    .1    .1
 VARIATION COEFFICIENTS (%)  : 
          .0   1.0   2.8   3.5   17.2   16.8    9.7    9.9    8.5   5.1  15.9   9.5   4.9  26.6  13.0  12.6    12.4 20.1   .0 50.1   7.0   4.0    .4  32.3  13.0    .0  11.2  31.9    .0   6.6    .3    .3



*** RESULTS OF CROP GROWTH MODEL NWHEAT *** SUMMARY OF OUTPUT FOR WINTER WHEAT AND YIELD STATISTICS ***

Name of run: RBsW1, Station= BAS  , Soil=   1, Crop=   1, Organic M.=   1, Nsoil=   1, IRR=   0, Runof=  .00
 Roth., base line (Elaine), waterlim. prod., CO2 353 ppm                         


YEAR     SOW EMERG  ANTH  HALT   WRT   WLV    WST   WGR    TAGB     HI  LAIM PARAB  RUE   DWAV RAIN  ESOIL   TRANS DRAIN RUNOF IRR  WUE MINOM MINFM DNTOT NRAIN NGIFT NUPT  NLEACH NIMMO  NUE  DNFM  NBIOM
1902     283   292   171   219  1153.  2161.  7742.  9174. 19077.   .48  5.13  732.  2.60  159.  486.  162.    293. 190.   0.   0.  4.19 108.2   6.5 -93.1   9.7 260.0 275.5  13.0    .0  69.3  38.9  32.4
1903     283   296   165   207  1055.  1979.  7340.  9529. 18849.   .51  4.63  715.  2.63  204.  713.  176.    299. 441.   0.   0.  3.96 105.9   6.5 -89.3  14.3 260.0 248.0  47.1    .0  76.0  38.8  32.4
1904     283   301   170   209   910.  1785.  7212.  8939. 17936.   .50  4.22  668.  2.69  187.  534.  169.    272. 280.   0.   0.  4.07  98.2   6.4-108.3  10.7 260.0 240.7  24.2    .0  74.5  38.5  32.1
1905     283   295   163   218  1406.  2658.  7492. 11191. 21340.   .52  6.11  795.  2.68  165.  643.  149.    329. 329.   0.   0.  4.46 113.0   6.5 -49.5  12.9 260.0 305.8  33.1    .0  69.8  39.1  32.6
1906     283   301   167   226   914.  1740.  7019.  9342. 18101.   .52  4.13  645.  2.81   96.  647.  180.    244. 318.   0.   0.  4.26 111.4   6.5-106.9  12.9 260.0 251.5  31.1    .0  72.0  39.0  32.5
1907     283   295   168   227  1432.  2740.  7243.  5273. 15255.   .35  6.35  746.  2.05  199.  540.  163.    285. 292.   0.   0.  3.41 106.0   6.5 -54.1  10.8 260.0 299.2  27.1    .0  51.0  38.8  32.4
1908     283   297   172   225  1489.  2868.  8997. 10895. 22760.   .48  6.69  889.  2.56   98.  650.  138.    334. 276.   0.   0.  4.82 109.9   6.5 -28.6  13.0 260.0 332.9  24.4    .0  68.4  39.0  32.5
1909     283   299   171   221   892.  1753.  6659. 10034. 18447.   .54  4.20  633.  2.92   86.  547.  191.    227. 215.   0.   0.  4.41 107.3   6.5-136.6  10.9 260.0 230.5  16.0    .0  80.0  38.9  32.4
1910     283   295   172   218   927.  1758.  6987.  8952. 17698.   .51  4.16  705.  2.51  154.  576.  182.    259. 289.   0.   0.  4.02 106.1   6.5-109.7  11.5 260.0 245.2  26.5    .0  72.2  38.8  32.4
1911     283   294   167   228  1170.  2242.  7593. 10532. 20367.   .52  5.32  830.  2.45  187.  526.  166.    305. 242.   0.   0.  4.32 110.2   6.5 -83.1  10.5 260.0 282.6  19.5    .0  72.1  39.0  32.5
1912     283   300   164   221  1130.  2174.  7866. 10446. 20486.   .51  5.12  729.  2.81   87.  631.  172.    306. 241.   0.   0.  4.29 111.0   6.5 -79.0  12.6 260.0 289.9  19.0    .0  70.7  39.0  32.5
1913     283   299   177   242   965.  1859.  7286. 11216. 20361.   .55  4.43  811.  2.51  161.  699.  220.    287. 354.   0.   0.  4.02 107.6   6.5 -74.3  14.0 260.0 277.2  35.2    .0  73.4  38.9  32.4
1914     283   303   165   215   872.  1667.  6971.  9676. 18313.   .53  3.94  633.  2.89  111.  561.  184.    244. 244.   0.   0.  4.27 108.0   6.5-121.0  11.2 260.0 243.0  20.2    .0  75.4  38.9  32.4
1915     283   297   162   218   790.  1487.  5776.  9270. 16533.   .56  3.54  667.  2.48  129.  689.  205.    280. 333.   0.   0.  3.41 114.6   6.5-151.7  13.8 260.0 208.4  33.7    .0  79.3  39.1  32.6
1916     283   292   156   231   982.  1881.  6714. 10426. 19021.   .55  4.50  798.  2.38  166.  531.  184.    298. 215.   0.   0.  3.95 113.3   6.5-102.1  10.6 260.0 270.4  16.1    .0  70.3  39.1  32.6
1917     283   302   170   228  1125.  2178.  6921. 11571. 20671.   .56  5.15  768.  2.69  189.  523.  172.    312. 228.   0.   0.  4.28 108.0   6.5 -91.9  10.4 260.0 273.0  17.5    .0  75.7  38.9  32.4
1918     283   294   160   228   831.  1600.  6600. 11362. 19561.   .58  3.87  750.  2.61  195.  551.  217.    287. 242.   0.   0.  3.88 110.3   6.5-126.4  11.0 260.0 241.2  19.5    .0  81.1  39.0  32.5
1919     283   294   162   209  1302.  2465.  8213.  8651. 19328.   .45  5.78  798.  2.42  203.  519.  151.    303. 269.   0.   0.  4.26 107.1   6.5 -48.7  10.4 260.0 308.2  23.7    .0  62.7  38.9  32.4
1920     283   297   170   224  1145.  2168.  7914. 10831. 20913.   .52  5.14  818.  2.56  155.  676.  158.    325. 347.   0.   0.  4.33 112.0   6.5 -48.6  13.5 260.0 304.4  35.5    .0  68.7  39.0  32.5
1921     283   299   167   215  1328.  2569.  8751.  5108. 16427.   .31  6.03  864.  1.90  207.  417.  146.    276. 202.   0.   0.  3.90  97.7   6.4 -33.2   8.3 260.0 321.4  14.6    .0  51.1  38.5  32.0
1922     283   293   165   209  1325.  2428.  7850.  4708. 14985.   .31  5.69  760.  1.97  211.  478.  132.    295. 262.   0.   0.  3.51 107.5   6.5 -70.6   9.6 260.0 287.2  22.7    .0  52.2  38.9  32.4
1923     283   294   161   211  1237.  2311.  7301.  8393. 18004.   .47  5.38  711.  2.53  210.  476.  175.    319. 192.   0.   0.  3.65 105.4   6.5 -88.7   9.5 260.0 276.3  13.8    .0  65.2  38.8  32.3
1924     283   298   167   218   949.  1851.  7157.  9420. 18428.   .51  4.42  677.  2.72  170.  598.  189.    273. 306.   0.   0.  3.99 102.0   6.4 -88.1  12.0 260.0 261.4  29.1    .0  70.5  38.7  32.2
1925     283   297   166   227  1004.  1945.  7629. 11657. 21231.   .55  4.68  802.  2.65  150.  592.  184.    318. 240.   0.   0.  4.23 111.3   6.5 -86.9  11.8 260.0 282.1  19.1    .0  75.3  39.0  32.5
1926     283   295   159   213   996.  1948.  7090. 10669. 19707.   .54  4.64  734.  2.68  206.  654.  174.    315. 370.   0.   0.  4.03 109.1   6.5-103.1  13.1 260.0 244.7  39.1    .0  80.5  38.9  32.5
1927     283   295   166   219  1174.  2226.  7743. 10215. 20183.   .51  5.20  696.  2.90   41.  658.  149.    290. 260.   0.   0.  4.60 116.6   6.5 -87.1  13.2 260.0 286.2  20.6    .0  70.5  39.2  32.6
1928     283   297   157   219  1074.  2053.  6751. 11689. 20493.   .57  4.88  712.  2.88  169.  632.  162.    353. 285.   0.   0.  3.98 119.7   6.5-109.9  12.6 260.0 260.0  26.2    .0  78.8  39.3  32.7
1929     283   295   167   212  1317.  2523.  8725.  9358. 20606.   .45  5.83  805.  2.56  187.  546.  167.    303. 263.   0.   0.  4.39 108.8   6.5 -48.3  10.9 260.0 311.3  22.9    .0  66.2  38.9  32.4
1930     283   298   165   220   909.  1717.  6170.  9290. 17176.   .54  4.06  675.  2.55   51.  709.  185.    302. 273.   0.   0.  3.52 115.1   6.5-138.2  14.2 260.0 233.3  23.0    .0  73.6  39.1  32.6
1931     283   297   164   213  1045.  2006.  7285.  9715. 19006.   .51  4.73  661.  2.87  108.  593.  158.    327. 216.   0.   0.  3.92 108.0   6.5-107.1  11.9 260.0 260.7  16.2    .0  72.9  38.9  32.4

 MEANS over  30 years  :
        283.  297.  166.  220.  1095.  2091.  7367.  9584. 19042.   .50  4.93  741.  2.58  155.  586.  172.    295. 274.   0.   0.  4.08 109.0   6.5 -88.8  11.7 260.0 271.7  24.3    .0  70.6  38.9  32.4
 STANDARD DEVIATIONS  :
          0.    3.    5.    8.   188.   352.   707.  1775.  1789.   .07   .78   68.   .25   48.   76.   20.     28.  57.   0.   0.   .34   4.7    .0  30.8   1.5    .0  29.3   8.1    .0   7.8    .2    .1
 VARIATION COEFFICIENTS (%)  : 
          .0   1.0   2.8   3.5   17.2   16.8    9.6   18.5    9.4  13.4  15.9   9.2   9.7  31.1  13.0  11.9     9.4 20.7   .0   .0   8.2   4.3    .4  34.7  13.0    .0  10.8  33.2    .0  11.0    .4    .4
