


*** RESULTS OF CROP GROWTH MODEL NWHEAT *** SUMMARY OF OUTPUT FOR WINTER WHEAT AND YIELD STATISTICS ***

Name of run: SEVW , Station= 6675 , Soil=   1, Crop=   3, Organic M.=   1, Nsoil=   1, IRR=   0, Runof=  .10
 Sevil., UKTR scen. (Micha 2) dec. 66-75, no Var.change, waterlim. prod., CO2 617


YEAR     SOW EMERG  ANTH  HALT   WRT   WLV    WST   WGR    TAGB     HI  LAIM PARAB  RUE   DWAV RAIN  ESOIL   TRANS DRAIN RUNOF IRR  WUE MINOM MINFM DNTOT NRAIN NGIFT NUPT  NLEACH NIMMO  NUE  DNFM  NBIOM
1902     341   355    87   133  1260.  2239.  8869. 10440. 21548.   .48  4.76  751.  2.87   90.  226.   76.    196.  22.  23.   0.  7.92  99.4   6.4 -15.1   4.1 200.0 290.1   1.7    .0  74.3  38.5  32.1
1903     341   350    87   126  1182.  2065.  7863.  8934. 18862.   .47  4.36  644.  2.93   87.  215.   71.    209.   0.  21.   0.  6.74 103.6   6.5 -38.0   3.9 200.0 272.6    .0    .0  69.2  38.7  32.3
1904     341   353    88   130  1412.  2480.  8804. 11205. 22489.   .50  5.21  726.  3.10   55.  314.   78.    239.  21.  31.   0.  7.11 110.8   6.5  -4.6   5.7 200.0 313.0   1.8    .0  71.8  39.0  32.5
1905     341   350    90   135  1375.  2448.  9600. 11641. 23689.   .49  5.30  758.  3.12   46.  263.   74.    206.   2.  26.   0.  8.46 106.4   6.5   2.4   4.7 200.0 316.4    .1    .0  74.9  38.9  32.4
1906     341   352    93   131  1376.  2417.  9093. 10738. 22247.   .48  5.12  690.  3.22   64.  264.   70.    216.  15.  26.   0.  7.78 102.7   6.5   -.4   4.7 200.0 309.0    .6    .0  72.0  38.7  32.3
1907     341   351    87   129  1374.  2415.  9021. 10779. 22215.   .49  5.11  709.  3.13   64.  259.   76.    221.   0.  26.   0.  7.48 106.9   6.5  -3.0   4.7 200.0 311.2    .0    .0  71.4  38.9  32.4
1908     341   353    84   127  1174.  2057.  7775. 10565. 20397.   .52  4.25  643.  3.17   80.  283.   71.    214.  50.  28.   0.  7.16 105.7   6.5 -35.5   5.1 200.0 274.5   4.5    .0  74.3  38.8  32.3
1909     341   350    88   127  1330.  2345.  8616.  7272. 18233.   .40  5.00  656.  2.78   85.  193.   69.    190.   0.  19.   0.  7.03  96.3   6.4 -11.2   3.5 200.0 291.3    .0    .0  62.6  38.4  32.0
1910     341   356    87   127  1339.  2365.  8328.  4989. 15682.   .32  4.95  654.  2.40   85.  187.   84.    169.   0.  19.   0.  6.21  94.9   6.4 -16.7   3.4 200.0 284.4    .0    .0  55.1  38.3  31.9
1911     341   352    89   122  1324.  2353.  8844.  6786. 17983.   .38  4.95  638.  2.82   90.  234.   71.    202.  27.  23.   0.  6.59  96.0   6.4 -11.8   4.2 200.0 288.7   2.2    .0  62.3  38.4  32.0
1912     341   353    92   132  1326.  2368.  8856.  8774. 19998.   .44  5.00  731.  2.73   80.  263.   74.    205.  38.  26.   0.  7.17  97.7   6.4  -1.2   4.7 200.0 300.8   3.4    .0  66.5  38.5  32.0
1913     341   350    87   134  1351.  2367.  8856. 11480. 22704.   .51  4.94  724.  3.14   57.  266.   81.    215.   0.  27.   0.  7.67 111.6   6.5 -23.3   4.8 200.0 296.2    .0    .0  76.6  39.0  32.5
1914     341   350    85   125  1277.  2249.  8580.  4434. 15263.   .29  4.73  656.  2.33   87.  175.   79.    165.   0.  18.   0.  6.25  95.8   6.4 -16.1   3.2 200.0 286.3    .0    .0  53.3  38.4  32.0
1915     341   348    81   126  1336.  2339.  8464. 11379. 22182.   .51  4.94  727.  3.05   56.  288.   80.    235.   0.  29.   0.  7.04 111.3   6.5 -24.7   5.2 200.0 294.8    .0    .0  75.3  39.0  32.5
1916     341   353    89   133  1390.  2410.  8868.  9066. 20344.   .45  5.03  742.  2.74   91.  183.   66.    186.   4.  18.   0.  8.08  96.2   6.4   -.5   3.3 200.0 301.6    .3    .0  67.4  38.4  32.0
1917     341   351    86   125  1198.  2115.  8013.  3089. 13218.   .23  4.45  582.  2.27   80.  153.   89.    129.   0.  15.   0.  6.06  91.1   6.3 -28.3   2.8 200.0 268.8    .0    .0  49.2  38.1  31.7
1918     341   351    84   132  1157.  2037.  6287.  1358.  9682.   .14  4.16  583.  1.66   81.  142.   82.    127.   0.  14.   0.  4.63  91.2   6.3 -47.2   2.6 200.0 250.4    .0    .0  38.7  38.1  31.7
1919     341   354    83   121  1210.  2123.  7924.  7352. 17399.   .42  4.45  617.  2.82   88.  337.   75.    214. 102.  34.   0.  6.02  99.7   6.4 -26.6   6.1 200.0 267.7  14.8    .0  65.0  38.6  32.1
1920     341   349    84   127  1265.  2235.  9466. 10447. 22148.   .47  4.82  695.  3.19   63.  298.   66.    225.  41.  30.   0.  7.63 104.3   6.5 -26.8   5.4 200.0 283.3   2.9    .0  78.2  38.8  32.3
1921     341   353    91   133  1255.  2231.  8696.  8845. 19772.   .45  4.74  659.  3.00   72.  206.   80.    177.   0.  21.   0.  7.67 100.4   6.4 -18.5   3.7 200.0 288.8    .0    .0  68.5  38.6  32.2
1922     341   353    87   129  1249.  2203.  8253. 10501. 20958.   .50  4.61  662.  3.17   81.  237.   72.    214.   8.  24.   0.  7.34 105.2   6.5 -32.6   4.3 200.0 279.5    .6    .0  75.0  38.8  32.3
1923     341   356    86   126  1327.  2334.  8142. 10149. 20626.   .49  4.98  667.  3.09   85.  335.   71.    233.  82.  33.   0.  6.78 104.3   6.5 -17.1   6.0 200.0 288.8   7.7    .0  71.4  38.8  32.3
1924     341   352    85   127  1100.  1933.  7432.  5369. 14734.   .36  4.01  618.  2.39   79.  201.   99.    161.   0.  20.   0.  5.67  97.1   6.4 -47.3   3.6 200.0 257.2    .0    .0  57.3  38.4  32.0
1925     341   352    85   127  1274.  2243.  8353.  2630. 13226.   .20  4.70  625.  2.12   95.  139.   72.    148.   0.  14.   0.  6.00  92.3   6.4 -31.9   2.5 200.0 266.2    .0    .0  49.7  38.1  31.8
1926     341   352    92   128  1338.  2348.  8755.  9927. 21029.   .47  4.85  662.  3.18    1.  337.   68.    211.  26.  34.   0.  7.53 103.6   6.5 -26.2   6.1 200.0 284.4   1.7    .0  73.9  38.7  32.3
1927     341   351    83   128  1096.  1947.  7810.  6468. 16225.   .40  4.16  640.  2.54   77.  194.   85.    167.   0.  19.   0.  6.43  95.8   6.4 -36.9   3.5 200.0 266.4    .0    .0  60.9  38.4  32.0
1928     341   354    87   131  1323.  2368.  6487.  7405. 16260.   .46  4.86  693.  2.34   88.  143.   67.    150.   0.  14.   0.  7.50  86.9   6.3 -15.4   2.6 200.0 276.4    .0    .0  58.8  37.8  31.5
1929     341   349    89   129  1295.  2289.  8917.  9725. 20931.   .46  4.84  674.  3.10   37.  274.   77.    207.   0.  27.   0.  7.37 104.1   6.5 -20.8   4.9 200.0 291.3    .0    .0  71.8  38.8  32.3
1930     341   350    85   123  1297.  2270.  8819.  9712. 20801.   .47  4.77  670.  3.10   68.  268.   75.    234.   0.  27.   0.  6.71 104.1   6.5 -18.9   4.8 200.0 292.9    .0    .0  71.0  38.8  32.3
1931     341   349    82   120  1246.  2191.  7584.  4556. 14331.   .32  4.59  563.  2.55   89.  223.   78.    187.  24.  22.   0.  5.40  89.1   6.3 -30.2   4.0 200.0 263.7   2.4    .0  54.3  38.0  31.6

 MEANS over  30 years  :
        341.  352.   87.  128.  1282.  2260.  8379.  8201. 18839.   .42  4.76  669.  2.80   73.  237.   76.    195.  15.  24.   0.  6.91 100.2   6.4 -20.8   4.3 200.0 285.2   1.5    .0  65.7  38.6  32.1
 STANDARD DEVIATIONS  :
          0.    2.    3.    4.    82.   144.   744.  2865.  3442.   .10   .32   50.   .39   20.   58.    7.     31.  25.   6.   0.   .85   6.5    .1  13.3   1.0    .0  16.4   3.0    .0   9.7    .3    .3
 VARIATION COEFFICIENTS (%)  : 
          .0    .6   3.4   2.9    6.4    6.4    8.9   34.9   18.3  23.1   6.8   7.4  13.9  26.8  24.4   9.4    15.7162.9 24.4   .0  12.3   6.5    .8  64.0  24.4    .0   5.7 202.4    .0  14.7    .8    .8



*** RESULTS OF CROP GROWTH MODEL NWHEAT *** SUMMARY OF OUTPUT FOR WINTER WHEAT AND YIELD STATISTICS ***

Name of run: SEVWV, Station= 6675V, Soil=   1, Crop=   3, Organic M.=   1, Nsoil=   1, IRR=   0, Runof=  .10
 Sevil., UKTR scen. (Micha 2) dec. 66-75, Var.change, waterlim. prod., CO2 617 pp


YEAR     SOW EMERG  ANTH  HALT   WRT   WLV    WST   WGR    TAGB     HI  LAIM PARAB  RUE   DWAV RAIN  ESOIL   TRANS DRAIN RUNOF IRR  WUE MINOM MINFM DNTOT NRAIN NGIFT NUPT  NLEACH NIMMO  NUE  DNFM  NBIOM
1902     341   352    86   136  1192.  2122.  8474.  8411. 19007.   .44  4.52  761.  2.50   85.  168.   58.    178.   0.  17.   0.  8.05  96.3   6.4 -15.1   3.0 200.0 288.2    .0    .0  65.9  38.3  32.0
1903     341   350    88   124  1237.  2164.  8114.  8426. 18704.   .45  4.54  644.  2.90   52.  276.   70.    217.  14.  28.   0.  6.52  95.2   6.4 -28.2   5.0 200.0 273.8   1.1    .0  68.3  38.3  31.9
1904     341   357    85   129  1063.  1880.  7402.  8079. 17360.   .47  3.89  630.  2.75   92.  199.   85.    187.   0.  20.   0.  6.39  95.8   6.4 -53.1   3.6 200.0 250.5    .0    .0  69.3  38.3  32.0
1905     341   349    88   129  1309.  2314.  8851.  8871. 20036.   .44  4.87  730.  2.74   85.  178.   51.    194.   0.  18.   0.  8.19  96.1   6.4  -7.5   3.2 200.0 294.7    .0    .0  68.0  38.3  31.9
1906     341   355    94   131  1347.  2380.  9425.  4330. 16135.   .27  5.03  720.  2.24   89.  106.   48.    137.   0.  11.   0.  8.74  85.6   6.3   4.9   1.9 200.0 294.9    .0    .0  54.7  37.6  31.4
1907     341   353    80   132  1067.  1876.  7991. 10760. 20626.   .52  3.98  693.  2.98   78.  272.   80.    213.  29.  27.   0.  7.02 104.8   6.5 -46.2   4.9 200.0 264.2   3.8    .0  78.1  38.8  32.3
1908     341   350    85   120  1282.  2321.  5991.   412.  8723.   .05  4.71  552.  1.58   94.   56.   57.     88.   0.   6.   0.  6.04  77.0   6.2 -27.2   1.0 200.0 252.1    .0    .0  34.6  36.9  30.8
1909     341   349    85   126  1343.  2401.  8994.  6779. 18174.   .37  5.17  675.  2.69   89.  170.   62.    180.   0.  17.   0.  7.51  96.6   6.4   3.0   3.1 200.0 305.6    .0    .0  59.5  38.4  32.0
1910     341   355    87   123  1202.  2157.  6342.   438.  8938.   .05  4.49  563.  1.59   93.   54.   43.     98.   0.   5.   0.  6.31  76.4   6.1 -39.6   1.0 200.0 240.5    .0    .0  37.2  36.8  30.7
1911     341   350    86   122  1410.  2490.  8460.  5354. 16304.   .33  5.19  638.  2.55   91.  171.   61.    183.   0.  17.   0.  6.68  94.4   6.4  -7.4   3.1 200.0 292.3    .0    .0  55.8  38.3  31.9
1912     341   351    88   128  1348.  2358.  8591.  3614. 14562.   .25  4.93  694.  2.10   91.  152.   84.    143.   0.  15.   0.  6.42  89.9   6.3  -8.1   2.7 200.0 287.3    .0    .0  50.7  38.0  31.6
1913     341   353    86   135  1274.  2352.  6237.  8651. 17239.   .50  4.75  763.  2.26   79.  134.   46.    154.   0.  13.   0.  8.64  88.3   6.3 -51.2   2.4 200.0 242.6    .0    .0  71.1  37.8  31.5
1914     341   354    89   130  1491.  2647.  9672. 10431. 22750.   .46  5.55  786.  2.90   80.  231.   64.    223.   2.  23.   0.  7.94 100.8   6.4  14.1   4.2 200.0 321.1    .1    .0  70.8  38.6  32.2
1915     341   353    81   117  1261.  2219.  8121.  2524. 12864.   .20  4.68  611.  2.11   91.  105.   42.    144.   0.  10.   0.  6.94  83.0   6.2 -32.1   1.9 200.0 255.3    .0    .0  50.4  37.4  31.2
1916     341   351    89   132  1136.  2008.  8261.  9876. 20146.   .49  4.27  652.  3.09   27.  269.   72.    196.   0.  27.   0.  7.50  99.2   6.4 -40.4   4.8 200.0 267.4    .0    .0  75.3  38.5  32.1
1917     341   356    90   134  1404.  2479.  8993. 11049. 22520.   .49  5.26  705.  3.20   13.  311.   72.    222.   0.  31.   0.  7.68 109.8   6.5  -3.3   5.6 200.0 315.2    .0    .0  71.5  39.0  32.5
1918     341   363    93   125  1277.  2278.  7561.   406. 10245.   .04  4.58  584.  1.75   88.   67.   36.    111.   0.   7.   0.  6.93  78.9   6.2 -13.6   1.2 200.0 268.3    .0    .0  38.2  37.0  30.8
1919     341   352    87   118  1251.  2214.  8568.  4539. 15321.   .30  4.62  622.  2.46   87.  158.   51.    179.   0.  16.   0.  6.67  84.4   6.3 -21.4   2.9 200.0 268.4    .0    .0  57.1  37.6  31.3
1920     341   350    81   124  1189.  2116.  7682.  7915. 17713.   .45  4.41  647.  2.74   62.  218.   61.    197.   0.  22.   0.  6.87  94.8   6.4 -23.6   3.9 200.0 278.6    .0    .0  63.6  38.3  31.9
1921     341   353    90   134  1163.  2066.  8848.  3235. 14150.   .23  4.41  700.  2.02   85.  128.   68.    132.   0.  13.   0.  7.07  86.5   6.3 -17.4   2.3 200.0 275.1    .0    .0  51.4  37.7  31.4
1922     341   349    84   125  1257.  2242.  5176.   648.  8065.   .08  4.58  539.  1.50   78.  110.   87.     89.   0.  11.   0.  4.57  80.5   6.2 -33.4   2.0 200.0 251.1    .0    .0  32.1  37.3  31.1
1923     341   358    88   130  1353.  2429.  6360.  4918. 13707.   .36  4.92  659.  2.08   67.  124.   61.    119.   0.  12.   0.  7.64  82.3   6.2  -1.9   2.2 200.0 282.9    .0    .0  48.5  37.4  31.2
1924     341   354    86   126  1092.  1930.  7891.  9397. 19217.   .49  4.13  595.  3.23   18.  304.   80.    212.   0.  30.   0.  6.60 100.7   6.4 -56.9   5.5 200.0 253.2    .0    .0  75.9  38.6  32.2
1925     341   357    87   129  1285.  2278.  8737.  8139. 19154.   .42  4.83  704.  2.72   69.  260.   78.    205.  19.  26.   0.  6.76  98.7   6.4  -5.5   4.7 200.0 299.6   1.5    .0  63.9  38.5  32.1
1926     341   353    91   131  1467.  2590.  9381.  5712. 17683.   .32  5.44  740.  2.39   85.  186.   74.    178.   0.  19.   0.  7.01  96.2   6.4   7.3   3.3 200.0 309.3    .0    .0  57.2  38.4  32.0
1927     341   351    81   121  1264.  2213.  8064.  8463. 18740.   .45  4.70  642.  2.92   69.  349.   68.    226.  89.  35.   0.  6.38  97.5   6.4 -24.8   6.3 200.0 270.2  12.0    .0  69.4  38.5  32.1
1928     341   353    86   121  1288.  2284.  8554.  9048. 19885.   .45  4.86  637.  3.12   40.  343.   69.    240.  40.  34.   0.  6.44 101.6   6.4 -27.4   6.2 200.0 278.4   4.2    .0  71.4  38.7  32.2
1929     341   351    85   128  1376.  2457.  7257.  1819. 11533.   .16  5.08  664.  1.74   83.  109.   62.    120.   0.  11.   0.  6.36  86.7   6.3   6.7   2.0 200.0 297.9    .0    .0  38.7  37.8  31.5
1930     341   351    87   124  1248.  2301.  5479.   382.  8162.   .05  4.73  605.  1.35   92.   27.   36.     80.   0.   3.   0.  7.02  75.2   6.1 -24.4    .5 200.0 252.1    .0    .0  32.4  36.7  30.6
1931     341   351    86   128  1367.  2421.  9204.  6850. 18475.   .37  5.13  739.  2.50   91.  139.   52.    164.   0.  14.   0.  8.58  95.3   6.4  -1.5   2.5 200.0 299.1    .0    .0  61.8  38.3  31.9

 MEANS over  30 years  :
        341.  353.   87.  127.  1275.  2266.  7956.  5982. 16205.   .33  4.74  663.  2.42   75.  179.   63.    167.   6.  18.   0.  7.05  91.6   6.3 -19.2   3.2 200.0 277.7    .8    .0  58.1  38.0  31.7
 STANDARD DEVIATIONS  :
          0.    3.    3.    5.   106.   190.  1179.  3434.  4173.   .16   .39   64.   .53   22.   86.   14.     46.  18.   9.   0.   .87   8.9    .1  19.1   1.6    .0  22.0   2.3    .0  13.7    .6    .5
 VARIATION COEFFICIENTS (%)  : 
          .0    .9   3.7   3.9    8.3    8.4   14.8   57.4   25.8  47.1   8.3   9.6  22.1  29.9  48.3  22.7    27.3279.7 48.3   .0  12.4   9.7   1.6  99.4  48.3    .0   7.9 306.1    .0  23.7   1.6   1.6
